EN da_b NULL /media/sf_TDPZ/Osadchuk_3/DA_B.vhd sub00/vhpl02 1710936881
EN da_g NULL D:/Desktop/TDPZ/Lab3/Borysovskyi_3/DA_G.vhd sub00/vhpl00 1698324802
AR da_b behavioral /media/sf_TDPZ/Osadchuk_3/DA_B.vhd sub00/vhpl03 1710936882
EN comparator NULL D:/Desktop/TDPZ/Lab3/Borysovskyi_3/comparator.vhd sub00/vhpl04 1698324817
AR comparator behavioral D:/Desktop/TDPZ/Lab3/Borysovskyi_3/comparator.vhd sub00/vhpl05 1698324818
AR da_g behavioral D:/Desktop/TDPZ/Lab3/Borysovskyi_3/DA_G.vhd sub00/vhpl01 1698324803
