V3 16
FL //vboxsvr/windows_shared/school/lpnu/tadohast/labs/lab3/project/Porubaimikh_3/CMP.vhd 2024/04/05.09:22:33 P.20131013
EN work/CMP 1712302459 \
      FL //vboxsvr/windows_shared/school/lpnu/tadohast/labs/lab3/project/Porubaimikh_3/CMP.vhd \
      PB ieee/std_logic_1164 1381692176
AR work/CMP/Behavioral 1712302460 \
      FL //vboxsvr/windows_shared/school/lpnu/tadohast/labs/lab3/project/Porubaimikh_3/CMP.vhd \
      EN work/CMP 1712302459
FL //vboxsvr/windows_shared/school/lpnu/tadohast/labs/lab3/project/Porubaimikh_3/CMP_S.vhd 2024/04/05.10:34:43 P.20131013
EN work/CMP_S 1712302487 \
      FL //vboxsvr/windows_shared/school/lpnu/tadohast/labs/lab3/project/Porubaimikh_3/CMP_S.vhd \
      PB ieee/std_logic_1164 1381692176
AR work/CMP_S/Behavioral 1712302488 \
      FL //vboxsvr/windows_shared/school/lpnu/tadohast/labs/lab3/project/Porubaimikh_3/CMP_S.vhd \
      EN work/CMP_S 1712302487
FL //vboxsvr/windows_shared/school/lpnu/tadohast/labs/lab3/project/Porubaimikh_3/DD.vhd 2024/04/05.09:48:53 P.20131013
EN work/DD 1712301463 \
      FL //vboxsvr/windows_shared/school/lpnu/tadohast/labs/lab3/project/Porubaimikh_3/DD.vhd \
      PB ieee/std_logic_1164 1381692176
AR work/DD/Behavioral 1712301464 \
      FL //vboxsvr/windows_shared/school/lpnu/tadohast/labs/lab3/project/Porubaimikh_3/DD.vhd \
      EN work/DD 1712301463
FL //vboxsvr/windows_shared/school/lpnu/tadohast/labs/lab3/project/Porubaimikh_3/DD_Err.vhd 2024/04/05.09:46:35 P.20131013
EN work/DD_Err 1712301433 \
      FL //vboxsvr/windows_shared/school/lpnu/tadohast/labs/lab3/project/Porubaimikh_3/DD_Err.vhd \
      PB ieee/std_logic_1164 1381692176
AR work/DD_Err/Behavioral 1712301434 \
      FL //vboxsvr/windows_shared/school/lpnu/tadohast/labs/lab3/project/Porubaimikh_3/DD_Err.vhd \
      EN work/DD_Err 1712301433
FL //vboxsvr/windows_shared/school/lpnu/tadohast/labs/lab3/project/Porubaimikh_3/TSG.vhd 2024/04/05.10:18:47 P.20131013
EN work/TSG 1712302456 \
      FL //vboxsvr/windows_shared/school/lpnu/tadohast/labs/lab3/project/Porubaimikh_3/TSG.vhd \
      PB ieee/std_logic_1164 1381692176
FL //vboxsvr/windows_shared/school/lpnu/tadohast/labs/lab3/project/Porubaimikh_3/TSG_IMP.vhd 2024/04/05.09:37:58 P.20131013
AR work/TSG/Implementation 1712302461 \
      FL //vboxsvr/windows_shared/school/lpnu/tadohast/labs/lab3/project/Porubaimikh_3/TSG_IMP.vhd \
      EN work/TSG 1712302456 PB ieee/std_logic_1164 1381692176
